// Jest Snapshot v1, https://goo.gl/fbAQLP

exports[`CitiesController findOne should throw an HttpException when the resource is not found 1`] = `"Not found"`;
